// Jest Snapshot v1, https://goo.gl/fbAQLP

exports[`test Title component test default style 1`] = `
.c0 {
  font-size: 40px;
  color: #3AA688;
  font-family: "Mitr",sans-serif;
  font-weight: 275;
}

<h1
  className="c0"
>
  Title
</h1>
`;
