// Jest Snapshot v1, https://goo.gl/fbAQLP

exports[`Test DateElement Component Test default style 1`] = `
.c0 {
  display: -webkit-box;
  display: -webkit-flex;
  display: -ms-flexbox;
  display: flex;
  -webkit-flex-direction: column;
  -ms-flex-direction: column;
  flex-direction: column;
  -webkit-box-pack: space-around;
  -webkit-justify-content: space-around;
  -ms-flex-pack: space-around;
  justify-content: space-around;
  -webkit-align-items: center;
  -webkit-box-align: center;
  -ms-flex-align: center;
  align-items: center;
  background-color: #F9F9F9;
  border-radius: 8px;
  width: 40px;
  height: 56px;
}

.c1 {
  -webkit-letter-spacing: 1px;
  -moz-letter-spacing: 1px;
  -ms-letter-spacing: 1px;
  letter-spacing: 1px;
  font-size: 14px;
  color: #3AA688;
  font-family: "Poppins",sans-serif;
  font-weight: normal;
}

.c2 {
  -webkit-letter-spacing: 1px;
  -moz-letter-spacing: 1px;
  -ms-letter-spacing: 1px;
  letter-spacing: 1px;
  font-size: 14px;
  color: #3AA688;
  font-family: "Poppins",sans-serif;
  font-weight: bold;
}

<div
  className="c0"
>
  <p
    className="c1"
  >
    Mon
  </p>
  <p
    className="c2"
  >
    21
  </p>
</div>
`;
